\BOOKMARK [1][-]{section*.3}{\376\377\004\040\004\065\004\104\004\065\004\100\004\060\004\102}{}% 1
\BOOKMARK [1][-]{section*.4}{\376\377\000A\000b\000s\000t\000r\000a\000c\000t}{}% 2
\BOOKMARK [1][-]{section*.5}{\376\377\004\036\004\101\004\075\004\076\004\062\004\075\004\113\004\065\000\040\004\076\004\077\004\100\004\065\004\064\004\065\004\073\004\065\004\075\004\070\004\117\000,\000\040\004\102\004\065\004\100\004\074\004\070\004\075\004\113\000\040\004\070\000\040\004\101\004\076\004\072\004\100\004\060\004\111\004\065\004\075\004\070\004\117}{}% 3
\BOOKMARK [1][-]{section*.6}{\376\377\004\022\004\062\004\065\004\064\004\065\004\075\004\070\004\065}{}% 4
\BOOKMARK [1][-]{section.1}{\376\377\004\037\004\100\004\065\004\064\004\074\004\065\004\102\004\075\004\060\004\117\000\040\004\076\004\061\004\073\004\060\004\101\004\102\004\114\000\040\004\070\000\040\004\060\004\075\004\060\004\073\004\070\004\067\000\040\004\060\004\075\004\060\004\073\004\076\004\063\004\076\004\062}{}% 5
\BOOKMARK [2][-]{subsection.1.1}{\376\377\000T\000P\000C\000-\000H\000\040\004\072\004\060\004\072\000\040\004\101\004\102\004\060\004\075\004\064\004\060\004\100\004\102\000\040\004\060\004\075\004\060\004\073\004\070\004\102\004\070\004\107\004\065\004\101\004\072\004\076\004\063\004\076\000\040\004\061\004\065\004\075\004\107\004\074\004\060\004\100\004\072\004\070\004\075\004\063\004\060}{section.1}% 6
\BOOKMARK [3][-]{subsubsection.1.1.1}{\376\377\004\035\004\060\004\067\004\075\004\060\004\107\004\065\004\075\004\070\004\065\000\040\004\061\004\065\004\075\004\107\004\074\004\060\004\100\004\072\004\060}{subsection.1.1}% 7
\BOOKMARK [3][-]{subsubsection.1.1.2}{\376\377\004\041\004\076\004\101\004\102\004\060\004\062\000\040\004\075\004\060\004\061\004\076\004\100\004\060\000\040\004\064\004\060\004\075\004\075\004\113\004\105}{subsection.1.1}% 8
\BOOKMARK [3][-]{subsubsection.1.1.3}{\376\377\004\020\004\072\004\102\004\103\004\060\004\073\004\114\004\075\004\076\004\101\004\102\004\114\000\040\000T\000P\000C\000-\000H\000\040\004\062\000\040\004\101\004\076\004\062\004\100\004\065\004\074\004\065\004\075\004\075\004\113\004\105\000\040\004\103\004\101\004\073\004\076\004\062\004\070\004\117\004\105}{subsection.1.1}% 9
\BOOKMARK [2][-]{subsection.1.2}{\376\377\004\042\004\100\004\065\004\061\004\076\004\062\004\060\004\075\004\070\004\117\000\040\004\101\004\076\004\062\004\100\004\065\004\074\004\065\004\075\004\075\004\076\004\071\000\040\004\060\004\075\004\060\004\073\004\070\004\102\004\070\004\107\004\065\004\101\004\072\004\076\004\071\000\040\004\070\004\075\004\104\004\100\004\060\004\101\004\102\004\100\004\103\004\072\004\102\004\103\004\100\004\113\000\040\004\072\000\040\004\063\004\065\004\075\004\065\004\100\004\060\004\102\004\076\004\100\004\103\000\040\004\064\004\060\004\075\004\075\004\113\004\105}{section.1}% 10
\BOOKMARK [3][-]{subsubsection.1.2.1}{\376\377\004\042\004\100\004\065\004\061\004\076\004\062\004\060\004\075\004\070\004\117\000\040\004\072\000\040\004\062\004\113\004\105\004\076\004\064\004\075\004\076\004\074\004\103\000\040\004\077\004\100\004\065\004\064\004\101\004\102\004\060\004\062\004\073\004\065\004\075\004\070\004\116\000\040\004\064\004\060\004\075\004\075\004\113\004\105}{subsection.1.2}% 11
\BOOKMARK [3][-]{subsubsection.1.2.2}{\376\377\004\042\004\100\004\065\004\061\004\076\004\062\004\060\004\075\004\070\004\117\000\040\004\072\000\040\004\100\004\060\004\067\004\074\004\065\004\111\004\065\004\075\004\070\004\116\000\040\004\070\000\040\004\064\004\076\004\101\004\102\004\103\004\077\004\103\000\040\004\072\000\040\004\064\004\060\004\075\004\075\004\113\004\074}{subsection.1.2}% 12
\BOOKMARK [3][-]{subsubsection.1.2.3}{\376\377\004\020\004\100\004\105\004\070\004\102\004\065\004\072\004\102\004\103\004\100\004\075\004\113\004\065\000\040\004\102\004\100\004\065\004\061\004\076\004\062\004\060\004\075\004\070\004\117}{subsection.1.2}% 13
\BOOKMARK [2][-]{subsection.1.3}{\376\377\004\020\004\075\004\060\004\073\004\070\004\067\000\040\004\101\004\103\004\111\004\065\004\101\004\102\004\062\004\103\004\116\004\111\004\070\004\105\000\040\004\100\004\065\004\110\004\065\004\075\004\070\004\071}{section.1}% 14
\BOOKMARK [3][-]{subsubsection.1.3.1}{\376\377\004\023\004\065\004\075\004\065\004\100\004\060\004\102\004\076\004\100\000\040\000d\000b\000g\000e\000n}{subsection.1.3}% 15
\BOOKMARK [4][-]{paragraph.1.3.1.1}{\376\377\004\024\004\076\004\101\004\102\004\076\004\070\004\075\004\101\004\102\004\062\004\060}{subsubsection.1.3.1}% 16
\BOOKMARK [4][-]{paragraph.1.3.1.2}{\376\377\004\036\004\063\004\100\004\060\004\075\004\070\004\107\004\065\004\075\004\070\004\117}{subsubsection.1.3.1}% 17
\BOOKMARK [3][-]{subsubsection.1.3.2}{\376\377\004\023\004\065\004\075\004\065\004\100\004\060\004\102\004\076\004\100\000\040\000t\000p\000c\000h\000g\000e\000n\000-\000r\000s}{subsection.1.3}% 18
\BOOKMARK [4][-]{paragraph.1.3.2.1}{\376\377\004\024\004\076\004\101\004\102\004\076\004\070\004\075\004\101\004\102\004\062\004\060}{subsubsection.1.3.2}% 19
\BOOKMARK [4][-]{paragraph.1.3.2.2}{\376\377\004\036\004\063\004\100\004\060\004\075\004\070\004\107\004\065\004\075\004\070\004\117}{subsubsection.1.3.2}% 20
\BOOKMARK [3][-]{subsubsection.1.3.3}{\376\377\004\041\004\100\004\060\004\062\004\075\004\070\004\102\004\065\004\073\004\114\004\075\004\113\004\071\000\040\004\060\004\075\004\060\004\073\004\070\004\067\000\040\004\070\000\040\004\076\004\061\004\076\004\101\004\075\004\076\004\062\004\060\004\075\004\070\004\065\000\040\004\075\004\060\004\077\004\100\004\060\004\062\004\073\004\065\004\075\004\070\004\117\000\040\004\100\004\060\004\067\004\100\004\060\004\061\004\076\004\102\004\072\004\070}{subsection.1.3}% 21
\BOOKMARK [2][-]{table.caption.7}{\376\377\004\022\004\113\004\062\004\076\004\064\004\113\000\040\004\077\004\076\000\040\004\063\004\073\004\060\004\062\004\065}{section.1}% 22
\BOOKMARK [1][-]{section.2}{\376\377\004\020\004\100\004\105\004\070\004\102\004\065\004\072\004\102\004\103\004\100\004\060\000\040\004\063\004\065\004\075\004\065\004\100\004\060\004\102\004\076\004\100\004\060\000\040\004\064\004\060\004\075\004\075\004\113\004\105}{}% 23
\BOOKMARK [2][-]{subsection.2.1}{\376\377\004\020\004\100\004\105\004\070\004\102\004\065\004\072\004\102\004\103\004\100\004\075\004\113\004\065\000\040\004\102\004\100\004\065\004\061\004\076\004\062\004\060\004\075\004\070\004\117\000\040\004\072\000\040\004\074\004\060\004\101\004\110\004\102\004\060\004\061\004\070\004\100\004\103\004\065\004\074\004\076\004\071\000\040\004\063\004\065\004\075\004\065\004\100\004\060\004\106\004\070\004\070}{section.2}% 24
\BOOKMARK [2][-]{subsection.2.2}{\376\377\004\036\004\061\004\111\004\060\004\117\000\040\004\070\004\064\004\065\004\117\000\040\004\060\004\073\004\063\004\076\004\100\004\070\004\102\004\074\004\060}{section.2}% 25
\BOOKMARK [2][-]{subsection.2.3}{\376\377\004\037\004\060\004\100\004\060\004\073\004\073\004\065\004\073\004\114\004\075\004\060\004\117\000\040\004\063\004\065\004\075\004\065\004\100\004\060\004\106\004\070\004\117\000\040\004\075\004\060\000\040\004\076\004\101\004\075\004\076\004\062\004\065\000\040\004\077\004\065\004\100\004\065\004\074\004\076\004\102\004\072\004\070\000\040\004\073\004\070\004\075\004\065\004\071\004\075\004\076\004\063\004\076\000\040\004\063\004\065\004\075\004\065\004\100\004\060\004\102\004\076\004\100\004\060}{section.2}% 26
\BOOKMARK [3][-]{subsubsection.2.3.1}{\376\377\004\034\004\060\004\102\004\065\004\074\004\060\004\102\004\070\004\107\004\065\004\101\004\072\004\060\004\117\000\040\004\074\004\076\004\064\004\065\004\073\004\114\000\040\004\063\004\065\004\075\004\065\004\100\004\060\004\102\004\076\004\100\004\060}{subsection.2.3}% 27
\BOOKMARK [3][-]{subsubsection.2.3.2}{\376\377\004\020\004\073\004\063\004\076\004\100\004\070\004\102\004\074\000\040\004\061\004\113\004\101\004\102\004\100\004\076\004\071\000\040\004\077\004\065\004\100\004\065\004\074\004\076\004\102\004\072\004\070\000\040\004\070\000\040\004\060\004\101\004\070\004\074\004\077\004\102\004\076\004\102\004\070\004\072\004\060}{subsection.2.3}% 28
\BOOKMARK [2][-]{subsection.2.4}{\376\377\004\020\004\100\004\105\004\070\004\102\004\065\004\072\004\102\004\103\004\100\004\060\000\040\004\101\004\073\004\076\004\117\000\040\004\101\004\065\004\100\004\070\004\060\004\073\004\070\004\067\004\060\004\106\004\070\004\070}{section.2}% 29
\BOOKMARK [3][-]{subsubsection.2.4.1}{\376\377\004\044\004\076\004\100\004\074\004\060\004\102\004\075\004\076\000-\004\067\004\060\004\062\004\070\004\101\004\070\004\074\004\113\004\065\000\040\004\072\004\076\004\074\004\077\004\076\004\075\004\065\004\075\004\102\004\113\000\040\004\067\004\060\004\077\004\070\004\101\004\070}{subsection.2.4}% 30
\BOOKMARK [3][-]{subsubsection.2.4.2}{\376\377\004\033\004\070\004\075\004\065\004\071\004\075\004\113\004\071\000\040\004\070\000\040\004\064\004\065\004\102\004\065\004\100\004\074\004\070\004\075\004\070\004\100\004\076\004\062\004\060\004\075\004\075\004\113\004\071\000\040\004\100\004\065\004\066\004\070\004\074\000\040\004\067\004\060\004\077\004\070\004\101\004\070}{subsection.2.4}% 31
\BOOKMARK [2][-]{subsection.2.5}{\376\377\004\040\004\060\004\067\004\064\004\065\004\073\004\065\004\075\004\070\004\065\000\040\004\074\004\076\004\064\004\103\004\073\004\065\004\071\000\040\004\063\004\065\004\075\004\065\004\100\004\060\004\106\004\070\004\070\000\040\004\070\000\040\004\101\004\065\004\100\004\070\004\060\004\073\004\070\004\067\004\060\004\106\004\070\004\070}{section.2}% 32
\BOOKMARK [2][-]{subsection.2.5}{\376\377\004\022\004\113\004\062\004\076\004\064\004\113\000\040\004\077\004\076\000\040\004\063\004\073\004\060\004\062\004\065}{section.2}% 33
\BOOKMARK [1][-]{section.3}{\376\377\004\040\004\065\004\060\004\073\004\070\004\067\004\060\004\106\004\070\004\117\000\040\004\063\004\065\004\075\004\065\004\100\004\060\004\102\004\076\004\100\004\060\000\040\004\064\004\060\004\075\004\075\004\113\004\105}{}% 34
\BOOKMARK [2][-]{subsection.3.1}{\376\377\004\040\004\065\004\060\004\073\004\070\004\067\004\060\004\106\004\070\004\117\000\040\004\063\004\065\004\075\004\065\004\100\004\060\004\106\004\070\004\070\000\040\004\102\004\060\004\061\004\073\004\070\004\106}{section.3}% 35
\BOOKMARK [3][-]{subsubsection.3.1.1}{\376\377\004\036\004\100\004\063\004\060\004\075\004\070\004\067\004\060\004\106\004\070\004\117\000\040\004\063\004\065\004\075\004\065\004\100\004\060\004\106\004\070\004\070\000\040\004\077\004\076\000\040\004\077\004\060\004\100\004\102\004\070\004\106\004\070\004\117\004\074}{subsection.3.1}% 36
\BOOKMARK [3][-]{subsubsection.3.1.2}{\376\377\004\023\004\065\004\075\004\065\004\100\004\060\004\106\004\070\004\117\000\040\004\067\004\075\004\060\004\107\004\065\004\075\004\070\004\071\000\040\004\070\000\040\004\070\004\101\004\077\004\076\004\073\004\114\004\067\004\076\004\062\004\060\004\075\004\070\004\065\000\040\004\102\004\065\004\072\004\101\004\102\004\076\004\062\004\076\004\063\004\076\000\040\004\077\004\103\004\073\004\060}{subsection.3.1}% 37
\BOOKMARK [3][-]{subsubsection.3.1.3}{\376\377\004\044\004\076\004\100\004\074\004\070\004\100\004\076\004\062\004\060\004\075\004\070\004\065\000\040\004\102\004\060\004\061\004\073\004\070\004\106\000\040\004\075\004\060\004\061\004\076\004\100\004\060\000\040\004\064\004\060\004\075\004\075\004\113\004\105}{subsection.3.1}% 38
\BOOKMARK [4][-]{paragraph.3.1.3.1}{\376\377\004\042\004\060\004\061\004\073\004\070\004\106\004\060\000\040\000r\000e\000g\000i\000o\000n}{subsubsection.3.1.3}% 39
\BOOKMARK [4][-]{paragraph.3.1.3.2}{\376\377\004\042\004\060\004\061\004\073\004\070\004\106\004\060\000\040\000n\000a\000t\000i\000o\000n}{subsubsection.3.1.3}% 40
\BOOKMARK [4][-]{paragraph.3.1.3.3}{\376\377\004\042\004\060\004\061\004\073\004\070\004\106\004\060\000\040\000s\000u\000p\000p\000l\000i\000e\000r}{subsubsection.3.1.3}% 41
\BOOKMARK [4][-]{paragraph.3.1.3.4}{\376\377\004\042\004\060\004\061\004\073\004\070\004\106\004\060\000\040\000p\000a\000r\000t}{subsubsection.3.1.3}% 42
\BOOKMARK [4][-]{paragraph.3.1.3.5}{\376\377\004\042\004\060\004\061\004\073\004\070\004\106\004\060\000\040\000p\000a\000r\000t\000s\000u\000p\000p}{subsubsection.3.1.3}% 43
\BOOKMARK [4][-]{paragraph.3.1.3.6}{\376\377\004\042\004\060\004\061\004\073\004\070\004\106\004\060\000\040\000c\000u\000s\000t\000o\000m\000e\000r}{subsubsection.3.1.3}% 44
\BOOKMARK [4][-]{paragraph.3.1.3.7}{\376\377\004\042\004\060\004\061\004\073\004\070\004\106\004\060\000\040\000o\000r\000d\000e\000r\000s}{subsubsection.3.1.3}% 45
\BOOKMARK [4][-]{paragraph.3.1.3.8}{\376\377\004\042\004\060\004\061\004\073\004\070\004\106\004\060\000\040\000l\000i\000n\000e\000i\000t\000e\000m}{subsubsection.3.1.3}% 46
\BOOKMARK [2][-]{subsection.3.2}{\376\377\004\040\004\065\004\060\004\073\004\070\004\067\004\060\004\106\004\070\004\117\000\040\004\101\004\073\004\076\004\117\000\040\004\101\004\065\004\100\004\070\004\060\004\073\004\070\004\067\004\060\004\106\004\070\004\070}{section.3}% 47
\BOOKMARK [3][-]{subsubsection.3.2.1}{\376\377\004\036\004\061\004\111\004\070\004\071\000\040\004\070\004\075\004\102\004\065\004\100\004\104\004\065\004\071\004\101\000\040\004\067\004\060\004\077\004\070\004\101\004\070}{subsection.3.2}% 48
\BOOKMARK [3][-]{subsubsection.3.2.2}{\376\377\004\044\004\076\004\100\004\074\004\060\004\102\004\113\000\040\004\101\000\040\004\103\004\077\004\100\004\060\004\062\004\073\004\117\004\065\004\074\004\113\004\074\000\040\004\101\004\102\004\100\004\070\004\074\004\070\004\075\004\063\004\076\004\074}{subsection.3.2}% 49
\BOOKMARK [3][-]{subsubsection.3.2.3}{\376\377\004\044\004\076\004\100\004\074\004\060\004\102\004\113\000\040\004\101\000\040\004\075\004\060\004\102\004\070\004\062\004\075\004\113\004\074\000\040\004\101\004\102\004\100\004\070\004\074\004\070\004\075\004\063\004\076\004\074}{subsection.3.2}% 50
\BOOKMARK [2][-]{subsection.3.3}{\376\377\004\030\004\075\004\102\004\065\004\100\004\104\004\065\004\071\004\101\000\040\004\067\004\060\004\077\004\103\004\101\004\072\004\060\000\040\004\070\000\040\004\101\004\106\004\065\004\075\004\060\004\100\004\070\004\070\000\040\004\115\004\072\004\101\004\077\004\073\004\103\004\060\004\102\004\060\004\106\004\070\004\070}{section.3}% 51
\BOOKMARK [3][-]{subsubsection.3.3.1}{\376\377\004\037\004\060\004\100\004\060\004\074\004\065\004\102\004\100\004\113\000\040\004\072\004\076\004\074\004\060\004\075\004\064\004\075\004\076\004\071\000\040\004\101\004\102\004\100\004\076\004\072\004\070}{subsection.3.3}% 52
\BOOKMARK [3][-]{subsubsection.3.3.2}{\376\377\004\042\004\070\004\077\004\076\004\062\004\113\004\065\000\040\004\101\004\106\004\065\004\075\004\060\004\100\004\070\004\070\000\040\004\067\004\060\004\077\004\103\004\101\004\072\004\060}{subsection.3.3}% 53
\BOOKMARK [2][-]{subsection.3.4}{\376\377\004\040\004\065\004\060\004\073\004\070\004\067\004\060\004\106\004\070\004\117\000\040\004\062\004\101\004\102\004\100\004\060\004\070\004\062\004\060\004\065\004\074\004\076\004\063\004\076\000\040\004\101\004\106\004\065\004\075\004\060\004\100\004\070\004\117}{section.3}% 54
\BOOKMARK [3][-]{subsubsection.3.4.1}{\376\377\004\030\004\064\004\065\004\117\000\040\004\062\004\101\004\102\004\100\004\076\004\065\004\075\004\075\004\076\004\063\004\076\000\040\004\101\004\106\004\065\004\075\004\060\004\100\004\070\004\117}{subsection.3.4}% 55
\BOOKMARK [3][-]{subsubsection.3.4.2}{\376\377\004\024\004\065\004\074\004\076\004\075\004\101\004\102\004\100\004\060\004\106\004\070\004\076\004\075\004\075\004\113\004\071\000\040\004\077\004\100\004\076\004\102\004\076\004\102\004\070\004\077\000\040\004\064\004\073\004\117\000\040\000D\000u\000c\000k\000D\000B}{subsection.3.4}% 56
\BOOKMARK [2][-]{lstnumber.10.5}{\376\377\004\022\004\113\004\062\004\076\004\064\004\113\000\040\004\077\004\076\000\040\004\063\004\073\004\060\004\062\004\065}{section.3}% 57
\BOOKMARK [1][-]{section*.12}{\376\377\004\027\004\060\004\072\004\073\004\116\004\107\004\065\004\075\004\070\004\065}{}% 58
\BOOKMARK [1][-]{section*.13}{\376\377\004\041\004\077\004\070\004\101\004\076\004\072\000\040\004\070\004\101\004\077\004\076\004\073\004\114\004\067\004\076\004\062\004\060\004\075\004\075\004\113\004\105\000\040\004\070\004\101\004\102\004\076\004\107\004\075\004\070\004\072\004\076\004\062}{}% 59
\BOOKMARK [1][-]{section*.14}{\376\377\004\037\004\100\004\070\004\073\004\076\004\066\004\065\004\075\004\070\004\065\000\040\004\020}{}% 60
\BOOKMARK [1][-]{section*.15}{\376\377\004\037\004\100\004\070\004\073\004\076\004\066\004\065\004\075\004\070\004\065\000\040\004\021}{}% 61
\BOOKMARK [1][-]{section*.16}{\376\377\004\037\004\100\004\070\004\073\004\076\004\066\004\065\004\075\004\070\004\065\000\040\004\022}{}% 62
\BOOKMARK [1][-]{section*.17}{\376\377\004\037\004\100\004\070\004\073\004\076\004\066\004\065\004\075\004\070\004\065\000\040\004\023}{}% 63
\BOOKMARK [1][-]{section*.18}{\376\377\004\037\004\100\004\070\004\073\004\076\004\066\004\065\004\075\004\070\004\065\000\040\004\024}{}% 64
\BOOKMARK [1][-]{section*.19}{\376\377\004\037\004\100\004\070\004\073\004\076\004\066\004\065\004\075\004\070\004\065\000\040\004\025}{}% 65
\BOOKMARK [1][-]{section*.20}{\376\377\004\037\004\100\004\070\004\073\004\076\004\066\004\065\004\075\004\070\004\065\000\040\004\026}{}% 66
\BOOKMARK [1][-]{section*.21}{\376\377\004\037\004\100\004\070\004\073\004\076\004\066\004\065\004\075\004\070\004\065\000\040\004\027}{}% 67
