\BOOKMARK [1][-]{Doc-Start}{\376\377\004\020\004\075\004\075\004\076\004\102\004\060\004\106\004\070\004\117}{}% 1
\BOOKMARK [1][-]{section.1}{\376\377\004\035\004\060\004\067\004\075\004\060\004\107\004\065\004\075\004\070\004\065\000\040\004\077\004\100\004\076\004\063\004\100\004\060\004\074\004\074\004\113}{}% 2
\BOOKMARK [2][-]{subsection.1.1}{\376\377\004\035\004\060\004\067\004\075\004\060\004\107\004\065\004\075\004\070\004\065\000\040\004\077\004\100\004\076\004\063\004\100\004\060\004\074\004\074\004\113}{section.1}% 3
\BOOKMARK [2][-]{subsection.1.2}{\376\377\004\044\004\103\004\075\004\072\004\106\004\070\004\070\000\040\004\077\004\100\004\076\004\063\004\100\004\060\004\074\004\074\004\113}{section.1}% 4
\BOOKMARK [2][-]{subsection.1.3}{\376\377\004\041\004\062\004\065\004\064\004\065\004\075\004\070\004\117\000\040\004\077\004\076\000\040\004\115\004\072\004\101\004\077\004\073\004\103\004\060\004\102\004\060\004\106\004\070\004\070\000\040\004\077\004\100\004\076\004\063\004\100\004\060\004\074\004\074\004\113}{section.1}% 5
\BOOKMARK [1][-]{section.2}{\376\377\004\043\004\101\004\073\004\076\004\062\004\070\004\117\000\040\004\062\004\113\004\077\004\076\004\073\004\075\004\065\004\075\004\070\004\117\000\040\004\077\004\100\004\076\004\063\004\100\004\060\004\074\004\074\004\113}{}% 6
\BOOKMARK [2][-]{subsection.2.1}{\376\377\004\034\004\070\004\075\004\070\004\074\004\060\004\073\004\114\004\075\004\113\004\071\000\040\004\101\004\076\004\101\004\102\004\060\004\062\000\040\004\102\004\065\004\105\004\075\004\070\004\107\004\065\004\101\004\072\004\070\004\105\000\040\004\101\004\100\004\065\004\064\004\101\004\102\004\062}{section.2}% 7
\BOOKMARK [2][-]{subsection.2.2}{\376\377\004\034\004\060\004\072\004\101\004\070\004\074\004\060\004\073\004\114\004\075\004\113\004\071\000\040\004\101\004\076\004\101\004\102\004\060\004\062\000\040\004\102\004\065\004\105\004\075\004\070\004\107\004\065\004\101\004\072\004\070\004\105\000\040\004\101\004\100\004\065\004\064\004\101\004\102\004\062}{section.2}% 8
\BOOKMARK [2][-]{subsection.2.3}{\376\377\004\037\004\100\004\076\004\063\004\100\004\060\004\074\004\074\004\075\004\113\004\065\000\040\004\101\004\100\004\065\004\064\004\101\004\102\004\062\004\060}{section.2}% 9
\BOOKMARK [2][-]{subsection.2.4}{\376\377\004\024\004\076\004\077\004\076\004\073\004\075\004\070\004\102\004\065\004\073\004\114\004\075\004\113\004\065\000\040\004\103\004\101\004\073\004\076\004\062\004\070\004\117\000\040\004\062\004\113\004\077\004\076\004\073\004\075\004\065\004\075\004\070\004\117\000\040\004\077\004\100\004\076\004\063\004\100\004\060\004\074\004\074\004\113}{section.2}% 10
\BOOKMARK [1][-]{section.3}{\376\377\004\022\004\113\004\077\004\076\004\073\004\075\004\065\004\075\004\070\004\065\000\040\004\077\004\100\004\076\004\063\004\100\004\060\004\074\004\074\004\113}{}% 11
\BOOKMARK [2][-]{subsection.3.1}{\376\377\004\037\004\076\004\064\004\063\004\076\004\102\004\076\004\062\004\072\004\060\000\040\004\072\000\040\004\100\004\060\004\061\004\076\004\102\004\065}{section.3}% 12
\BOOKMARK [2][-]{subsection.3.2}{\376\377\004\027\004\060\004\063\004\100\004\103\004\067\004\072\004\060\000\040\004\077\004\100\004\076\004\063\004\100\004\060\004\074\004\074\004\113}{section.3}% 13
\BOOKMARK [2][-]{subsection.3.3}{\376\377\004\027\004\060\004\077\004\103\004\101\004\072\000\040\004\077\004\100\004\076\004\063\004\100\004\060\004\074\004\074\004\113}{section.3}% 14
\BOOKMARK [2][-]{subsection.3.4}{\376\377\004\032\004\076\004\074\004\060\004\075\004\064\004\113\000\040\004\076\004\077\004\065\004\100\004\060\004\102\004\076\004\100\004\060}{section.3}% 15
\BOOKMARK [2][-]{subsection.3.5}{\376\377\004\043\004\077\004\100\004\060\004\062\004\073\004\065\004\075\004\070\004\065\000\040\004\062\004\113\004\077\004\076\004\073\004\075\004\065\004\075\004\070\004\065\004\074\000\040\004\077\004\100\004\076\004\063\004\100\004\060\004\074\004\074\004\113}{section.3}% 16
\BOOKMARK [2][-]{subsection.3.6}{\376\377\004\027\004\060\004\062\004\065\004\100\004\110\004\065\004\075\004\070\004\065\000\040\004\100\004\060\004\061\004\076\004\102\004\113\000\040\004\077\004\100\004\076\004\063\004\100\004\060\004\074\004\074\004\113}{section.3}% 17
\BOOKMARK [2][-]{subsection.3.7}{\376\377\004\037\004\100\004\070\004\074\004\065\004\100\004\113\000\040\004\062\004\113\004\077\004\076\004\073\004\075\004\065\004\075\004\070\004\117}{section.3}% 18
\BOOKMARK [1][-]{section.4}{\376\377\004\041\004\076\004\076\004\061\004\111\004\065\004\075\004\070\004\117\000\040\004\076\004\077\004\065\004\100\004\060\004\102\004\076\004\100\004\103}{}% 19
\BOOKMARK [2][-]{subsection.4.1}{\376\377\004\041\004\076\004\076\004\061\004\111\004\065\004\075\004\070\004\117\000,\000\040\004\062\004\113\004\064\004\060\004\062\004\060\004\065\004\074\004\113\004\065\000\040\004\062\000\040\004\105\004\076\004\064\004\065\000\040\004\062\004\113\004\077\004\076\004\073\004\075\004\065\004\075\004\070\004\117\000\040\004\077\004\100\004\076\004\063\004\100\004\060\004\074\004\074\004\113}{section.4}% 20
\BOOKMARK [2][-]{subsection.4.2}{\376\377\004\024\004\065\004\071\004\101\004\102\004\062\004\070\004\117\000\040\004\076\004\077\004\065\004\100\004\060\004\102\004\076\004\100\004\060}{section.4}% 21
\BOOKMARK [2][-]{subsection.4.3}{\376\377\004\042\004\060\004\061\004\073\004\070\004\106\004\060\000\040\004\101\004\076\004\076\004\061\004\111\004\065\004\075\004\070\004\071}{section.4}% 22
